%!Adobe-FontList 1.14
%Locale:0x412

%BeginFont
Handler:DirectoryHandler
FontType:Invalid
OutlineFileName:D:\Enkisoft_Design\2016\2016-09-20 나와스 홈페이지 수정\002.html\001.사용자\Font\NanumGothic.eot
FileModTime:1453709244
%EndFont

%BeginFont
Handler:DirectoryHandler
FontType:TrueType
FontName:NanumGothic
FamilyName:NanumGothic
StyleName:Regular
FullName:NanumGothic
MenuName:나눔고딕
StyleBits:0
FamilyNameNative:나눔고딕
StyleNameNative:Regular
FullNameNative:나눔고딕
WritingScript:Korean
OutlineFileName:D:\Enkisoft_Design\2016\2016-09-20 나와스 홈페이지 수정\002.html\001.사용자\Font\NanumGothic.ttf
DataFormat:sfntData
FileLength:2346372
FileModTime:1453709244
WeightClass:400
WidthClass:5
AngleClass:0
%EndFont

%BeginFont
Handler:DirectoryHandler
FontType:Invalid
OutlineFileName:D:\Enkisoft_Design\2016\2016-09-20 나와스 홈페이지 수정\002.html\001.사용자\Font\NanumGothic.woff
FileModTime:1453709244
%EndFont

%BeginFont
Handler:DirectoryHandler
FontType:Invalid
OutlineFileName:D:\Enkisoft_Design\2016\2016-09-20 나와스 홈페이지 수정\002.html\001.사용자\Font\NanumGothicBold.eot
FileModTime:1453709244
%EndFont

%BeginFont
Handler:DirectoryHandler
FontType:TrueType
FontName:NanumGothicBold
FamilyName:NanumGothic
StyleName:Bold
FullName:NanumGothicBold
MenuName:나눔고딕
StyleBits:2
FamilyNameNative:나눔고딕
StyleNameNative:Bold
FullNameNative:나눔고딕 Bold
WritingScript:Korean
OutlineFileName:D:\Enkisoft_Design\2016\2016-09-20 나와스 홈페이지 수정\002.html\001.사용자\Font\NanumGothicBold.ttf
DataFormat:sfntData
FileLength:2276968
FileModTime:1453709244
WeightClass:600
WidthClass:5
AngleClass:0
%EndFont

%BeginFont
Handler:DirectoryHandler
FontType:Invalid
OutlineFileName:D:\Enkisoft_Design\2016\2016-09-20 나와스 홈페이지 수정\002.html\001.사용자\Font\NanumGothicBold.woff
FileModTime:1453709244
%EndFont

%BeginFont
Handler:DirectoryHandler
FontType:Invalid
OutlineFileName:D:\Enkisoft_Design\2016\2016-09-20 나와스 홈페이지 수정\002.html\001.사용자\Font\NotoSans-Regular.eot
FileModTime:1453709244
%EndFont

%BeginFont
Handler:DirectoryHandler
FontType:TrueType
FontName:NotoSans
FamilyName:Noto Sans
StyleName:Regular
FullName:Noto Sans
MenuName:Noto Sans
StyleBits:0
WritingScript:Roman
OutlineFileName:D:\Enkisoft_Design\2016\2016-09-20 나와스 홈페이지 수정\002.html\001.사용자\Font\NotoSans-Regular.ttf
DataFormat:sfntData
FileLength:306788
FileModTime:1453709244
WeightClass:400
WidthClass:5
AngleClass:0
%EndFont

%BeginFont
Handler:DirectoryHandler
FontType:Invalid
OutlineFileName:D:\Enkisoft_Design\2016\2016-09-20 나와스 홈페이지 수정\002.html\001.사용자\Font\NotoSans-Regular.woff
FileModTime:1453709244
%EndFont

